[themezinho.net/tourog/index.html]
[backblue.gif]
[fade.gif]
[index.html]
[themezinho.net/tourog/preview.png]
[themezinho.net/tourog/ico/apple-touch-icon-144-precomposed.png]
[themezinho.net/tourog/ico/apple-touch-icon-114-precomposed.png]
[themezinho.net/tourog/ico/apple-touch-icon-72-precomposed.png]
[themezinho.net/tourog/ico/apple-touch-icon-57-precomposed.png]
[themezinho.net/tourog/ico/favicon.png]
[themezinho.net/tourog/css/fontawesome.min.css]
[themezinho.net/tourog/css/fancybox.min.css]
[themezinho.net/tourog/css/hamburger.min.css]
[themezinho.net/tourog/css/odometer.min.css]
[themezinho.net/tourog/css/swiper.min.css]
[themezinho.net/tourog/css/bootstrap.min.css]
[themezinho.net/tourog/css/style.css]
[themezinho.net/tourog/images/preloader.gif]
[themezinho.net/tourog/index-video.html]
[themezinho.net/tourog/index-carousel.html]
[themezinho.net/tourog/studio.html]
[themezinho.net/tourog/showcases.html]
[themezinho.net/tourog/blog.html]
[themezinho.net/tourog/contact.html]
[themezinho.net/tourog/images/logo.png]
[themezinho.net/tourog/images/slide01.jpg]
[themezinho.net/tourog/videos/video01.mp4]
[themezinho.net/tourog/images/office01.jpg]
[themezinho.net/tourog/images/office02.jpg]
[themezinho.net/tourog/images/office03.jpg]
[themezinho.net/tourog/images/icon01.png]
[themezinho.net/tourog/images/icon02.png]
[themezinho.net/tourog/images/icon03.png]
[themezinho.net/tourog/images/works01.jpg]
[themezinho.net/tourog/images/works02.jpg]
[themezinho.net/tourog/images/works03.jpg]
[themezinho.net/tourog/images/works04.jpg]
[themezinho.net/tourog/images/works05.jpg]
[themezinho.net/tourog/images/works06.jpg]
[themezinho.net/tourog/images/logo01.png]
[themezinho.net/tourog/images/logo02.png]
[themezinho.net/tourog/images/logo03.png]
[themezinho.net/tourog/images/logo04.png]
[themezinho.net/tourog/images/logo05.png]
[themezinho.net/tourog/images/logo06.png]
[themezinho.net/tourog/images/logo07.png]
[themezinho.net/tourog/images/logo08.png]
[themezinho.net/tourog/images/logo09.png]
[themezinho.net/tourog/js/bootstrap.min.js]
[themezinho.net/tourog/js/jquery.min.js]
[themezinho.net/tourog/js/wow.min.js]
[themezinho.net/tourog/js/splitting.min.js]
[themezinho.net/tourog/js/swiper.min.js]
[themezinho.net/tourog/js/odometer.min.js]
[themezinho.net/tourog/index.html]
[themezinho.net/tourog/preview.html]
[themezinho.net/tourog/js/scripts.js]
[themezinho.net/tourog/fonts/fa-brands-400.eot]
[themezinho.net/tourog/fonts/fa-brands-400.woff2]
[themezinho.net/tourog/js/fancybox.min.js]
[themezinho.net/tourog/fonts/fa-brands-400.woff]
[themezinho.net/tourog/fonts/fa-brands-400.ttf]
[themezinho.net/tourog/fonts/fa-light-300.eot]
[themezinho.net/tourog/fonts/fa-light-300.woff2]
[themezinho.net/tourog/fonts/fa-light-300d41d.eot]
[themezinho.net/tourog/fonts/fa-light-300.woff]
[themezinho.net/tourog/fonts/fa-light-300.ttf]
[themezinho.net/tourog/fonts/fa-light-300.svg]
[themezinho.net/tourog/fonts/fa-regular-400.eot]
[themezinho.net/tourog/fonts/fa-regular-400d41d.eot]
[themezinho.net/tourog/fonts/fa-regular-400.woff2]
[themezinho.net/tourog/fonts/fa-regular-400.woff]
[themezinho.net/tourog/fonts/fa-regular-400.ttf]
[themezinho.net/tourog/fonts/fa-regular-400.svg]
[themezinho.net/tourog/fonts/fa-solid-900.eot]
[themezinho.net/tourog/fonts/fa-solid-900.woff2]
[themezinho.net/tourog/fonts/fa-solid-900d41d.eot]
[themezinho.net/tourog/fonts/fa-solid-900.woff]
[themezinho.net/tourog/fonts/fa-solid-900.ttf]
[themezinho.net/tourog/css/fontawesome.min.css]
[themezinho.net/tourog/fonts/fa-solid-900.svg]
[themezinho.net/tourog/css/fancybox.min.css]
[themezinho.net/tourog/css/hamburger.min.css]
[themezinho.net/tourog/css/odometer.min.css]
[themezinho.net/tourog/css/swiper.min.css]
[themezinho.net/tourog/css/bootstrap.min.css]
[themezinho.net/tourog/images/dot-pattern.png]
[themezinho.net/tourog/images/footer-bg.png]
[themezinho.net/tourog/css/style.css]
[themezinho.net/tourog/videos/video02.mp4]
[themezinho.net/tourog/index-video.html]
[themezinho.net/tourog/images/works07.jpg]
[themezinho.net/tourog/images/works08.jpg]
[themezinho.net/tourog/images/works09.jpg]
[themezinho.net/tourog/index-carousel.html]
[themezinho.net/tourog/images/team01.jpg]
[themezinho.net/tourog/images/team02.jpg]
[themezinho.net/tourog/images/team03.jpg]
[themezinho.net/tourog/images/team04.jpg]
[themezinho.net/tourog/studio.html]
[themezinho.net/tourog/case-single.html]
[themezinho.net/tourog/showcases.html]
[themezinho.net/tourog/images/avatar01.jpg]
[themezinho.net/tourog/blog-single.html]
[themezinho.net/tourog/blog.html]
[themezinho.net/tourog/js/jquery.form.min.js]
[themezinho.net/tourog/js/jquery.validate.min.js]
[themezinho.net/tourog/contact.html]
[themezinho.net/tourog/js/contact.form.min.js]
[themezinho.net/tourog/videos/video01.mp4]
[themezinho.net/tourog/images/slide02.jpg]
[themezinho.net/tourog/fonts/fa-brands-400.svg]
[themezinho.net/tourog/fonts/fa-light-300.svg]
[themezinho.net/tourog/fonts/fa-regular-400.svg]
[themezinho.net/tourog/fonts/fa-solid-900.svg]
[themezinho.net/tourog/case-single.html]
[themezinho.net/tourog/blog-single.html]
[themezinho.net/tourog/fonts/fa-brands-400.svg]
[themezinho.net/tourog/images/team05.jpg]
[themezinho.net/tourog/videos/video01.mp4]
[themezinho.net/tourog/fonts/fa-brands-400d41d.eot]
